[www.comebackearlytoday.com/index.html]
[backblue.gif]
[fade.gif]
[index.html]
[www.comebackearlytoday.com/wp-content/plugins/wp-minify/min/index5862.html]
[www.comebackearlytoday.com/wp-content/uploads/2015/11/FJiA-BookCover-207x300.jpg]
[www.comebackearlytoday.com/feed/index.html]
[www.comebackearlytoday.com/wp-includes/wlwmanifest.xml]
[www.comebackearlytoday.com/wp-includes/js/tw-sack.min51a2.js]
[w.sharethis.com/button/buttons.js]
[www.comebackearlytoday.com/wp-content/themes/cbet/images/BookCover.png]
[www.comebackearlytoday.com/wp-content/uploads/2011/07/Marie_Color_Bust_Smiling-e1310933928453.jpg]
[www.comebackearlytoday.com/wp-content/uploads/2011/07/Marie_Color_Bust_Smiling-e1310933928453-186x300.jpg]
[www.comebackearlytoday.com/visit-loved-alzheimers-recognize/index.html]
[www.comebackearlytoday.com/wp-includes/js/comment-reply.minbb49.js]
[www.comebackearlytoday.com/wp-content/themes/cbet/exitbb49.js]
[www.comebackearlytoday.com/wp-content/themes/cbet/diebb49.js]
[www.comebackearlytoday.com/wp-includes/js/jquery/jquery-migrate.min330a.js]
[www.comebackearlytoday.com/wp-includes/js/jquery/jquery4a5f.js]
[www.comebackearlytoday.com/wp-content/themes/cbet/scriptsbb49.js]
[www.comebackearlytoday.com/wp-content/plugins/lightbox-plus/js/jquery.colorbox.1.5.9-min7fb9.js]
[www.comebackearlytoday.com/wp-includes/js/wp-embed.minbb49.js]
[www.comebackearlytoday.com/wp-content/plugins/wp-google-analytics/wp-google-analyticse0bd.js]
[www.comebackearlytoday.com/wp-includes/css/dist/block-library/style.minbb49.css]
[www.comebackearlytoday.com/wp-content/plugins/share-this/css/stylebb49.css]
[www.comebackearlytoday.com/index.html]
[www.comebackearlytoday.com/wp-content/plugins/lightbox-plus/css/framed/images/controls.png]
[www.comebackearlytoday.com/wp-content/plugins/lightbox-plus/css/framed/images/border.png]
[www.comebackearlytoday.com/wp-content/plugins/lightbox-plus/css/framed/images/loading_background.png]
[www.comebackearlytoday.com/wp-content/plugins/lightbox-plus/css/framed/images/loading.gif]
[www.comebackearlytoday.com/wp-content/plugins/wp-minify/min/index5862.html]
[img.comebackearlytoday.com/wp-content/themes/cbet/images/outer_background.png]
[img.comebackearlytoday.com/wp-content/themes/cbet/images/inner_background.png]
[img.comebackearlytoday.com/wp-content/themes/cbet/images/BuyTheBook.png]
[img.comebackearlytoday.com/wp-content/themes/cbet/images/header.jpg]
[img.comebackearlytoday.com/wp-content/themes/cbet/images/sprite.png]
[img.comebackearlytoday.com/wp-content/themes/cbet/images/sidebar_bottom.jpg]
[img.comebackearlytoday.com/wp-content/themes/cbet/images/sidebar_top.jpg]
[img.comebackearlytoday.com/wp-content/themes/cbet/images/bkgnd-subscribe.png]
[www.comebackearlytoday.com/wp-content/themes/cbet/style.css]
[www.comebackearlytoday.com/xmlrpc.html]
[www.comebackearlytoday.com/comments/feed/index.html]
[www.comebackearlytoday.com/index7eb5.html]
[www.comebackearlytoday.com/wp-json/index.html]
[www.comebackearlytoday.com/xmlrpc0db0.html]
[www.comebackearlytoday.com/wp-json/oembed/1.0/embedbef3.html]
[www.comebackearlytoday.com/wp-json/oembed/1.0/embed3880.html]
[www.comebackearlytoday.com/wp-content/plugins/report-comments/report354c.html]
[www.comebackearlytoday.com/book/buy-the-book/index.html]
[www.comebackearlytoday.com/blog/index.html]
[www.comebackearlytoday.com/finding-joy-alzheimers-hope-caregivers/index.html]
[www.comebackearlytoday.com/xpertdox-com-find-physician-alzheimers-disease/index.html]
[www.comebackearlytoday.com/wp-content/plugins/akismet/_inc/form8aee.js]
[www.comebackearlytoday.com/visit-loved-alzheimers-recognize/index.html]
[www.comebackearlytoday.com/hug-5-reasons-hug-loved/index.html]
[www.comebackearlytoday.com/smile-change/index.html]
[www.comebackearlytoday.com/volunteer-visit-people-alzheimers/index.html]
[www.comebackearlytoday.com/newsletter/index.html]
[www.comebackearlytoday.com/your-stories/index.html]
[www.comebackearlytoday.com/book/index.html]
[www.comebackearlytoday.com/about/index.html]
[www.comebackearlytoday.com/amazon-reviews/index.html]
[www.comebackearlytoday.com/book/awards/index.html]
[www.comebackearlytoday.com/Endorsements.html]
[www.comebackearlytoday.com/photo-gallery/index.html]
[www.comebackearlytoday.com/previews/index.html]
[www.comebackearlytoday.com/contact/index.html]
[www.comebackearlytoday.com/wp-admin/index.html]
[www.comebackearlytoday.com/wp-login.html]
[www.comebackearlytoday.com/wp-includes/css/dist/block-library/style.minbb49.css]
[www.comebackearlytoday.com/wp-content/plugins/share-this/css/stylebb49.css]
[www.comebackearlytoday.com/author/marie/index.html]
[www.comebackearlytoday.com/visit-loved-alzheimers-recognize/feed/index.html]
[www.comebackearlytoday.com/index066e.html]
[www.comebackearlytoday.com/wp-json/oembed/1.0/embed99f4.html]
[www.comebackearlytoday.com/wp-json/oembed/1.0/embed24d3.html]
[www.comebackearlytoday.com/tag/alzheimers/index.html]
[www.comebackearlytoday.com/tag/caregiver/index.html]
[www.comebackearlytoday.com/tag/caregiving/index.html]
[www.comebackearlytoday.com/tag/dementia/index.html]
[www.comebackearlytoday.com/tag/memory-loss/index.html]
[www.comebackearlytoday.com/tag/visiting/index.html]
[www.comebackearlytoday.com/visit-loved-alzheimers-recognize/trackback/index.html]
[www.comebackearlytoday.com/2017/09/index.html]
[www.comebackearlytoday.com/2017/08/index.html]
[www.comebackearlytoday.com/2015/04/index.html]
[www.comebackearlytoday.com/2015/03/index.html]
[www.comebackearlytoday.com/2015/02/index.html]
[www.comebackearlytoday.com/2015/01/index.html]
[www.comebackearlytoday.com/2014/12/index.html]
[www.comebackearlytoday.com/2014/11/index.html]
[www.comebackearlytoday.com/2014/10/index.html]
[www.comebackearlytoday.com/2014/09/index.html]
[www.comebackearlytoday.com/2014/08/index.html]
[www.comebackearlytoday.com/2014/07/index.html]
[www.comebackearlytoday.com/2014/06/index.html]
[www.comebackearlytoday.com/2014/05/index.html]
[www.comebackearlytoday.com/2014/04/index.html]
[www.comebackearlytoday.com/2014/03/index.html]
[www.comebackearlytoday.com/2014/02/index.html]
[www.comebackearlytoday.com/2014/01/index.html]
[www.comebackearlytoday.com/2013/12/index.html]
[www.comebackearlytoday.com/2013/11/index.html]
[www.comebackearlytoday.com/2013/10/index.html]
[www.comebackearlytoday.com/2013/09/index.html]
[www.comebackearlytoday.com/2013/08/index.html]
[www.comebackearlytoday.com/2013/07/index.html]
[www.comebackearlytoday.com/2013/06/index.html]
[www.comebackearlytoday.com/2013/05/index.html]
[www.comebackearlytoday.com/2013/04/index.html]
[www.comebackearlytoday.com/2013/03/index.html]
[www.comebackearlytoday.com/2013/02/index.html]
[www.comebackearlytoday.com/2013/01/index.html]
[www.comebackearlytoday.com/2012/12/index.html]
[www.comebackearlytoday.com/2012/11/index.html]
[www.comebackearlytoday.com/2012/10/index.html]
[www.comebackearlytoday.com/2012/09/index.html]
[www.comebackearlytoday.com/2012/08/index.html]
[www.comebackearlytoday.com/2012/07/index.html]
[www.comebackearlytoday.com/2012/06/index.html]
[www.comebackearlytoday.com/2012/05/index.html]
[www.comebackearlytoday.com/2012/04/index.html]
[www.comebackearlytoday.com/2012/03/index.html]
[www.comebackearlytoday.com/2012/02/index.html]
[www.comebackearlytoday.com/2012/01/index.html]
[www.comebackearlytoday.com/2011/12/index.html]
[www.comebackearlytoday.com/2011/11/index.html]
[www.comebackearlytoday.com/2011/10/index.html]
[www.comebackearlytoday.com/2011/09/index.html]
[www.comebackearlytoday.com/2011/08/index.html]
